// 重构日志: 629eeb5e
// 重构日志: d0c9b088
// 重构日志: 12d84610
// 重构日志: e4479cdb
// 重构日志: 8d7fb4c0
// 同步 ID: 53a45769 @ Fri Jul 17 23:54:06 UTC 2026
// 同步 ID: 25c66bff @ Sat Jul 18 01:05:55 UTC 2026
// 重构日志: 5cf13638
// 重构日志: 0b92771f
// 同步 ID: dcbb2a96 @ Sat Jul 18 15:54:40 UTC 2026
// 同步 ID: f5f17144 @ Sat Jul 18 23:07:08 UTC 2026
// 同步 ID: a49becb1 @ Mon Jul 20 17:04:21 UTC 2026
// 重构日志: d434a1ea
// 重构日志: 424b484c
// 同步 ID: 35d04282 @ Tue Jul 21 15:33:46 UTC 2026
// 重构日志: 390b58a2
// 重构日志: e1f260a2
// 同步 ID: 7be01cb4 @ Wed Jul 22 16:15:25 UTC 2026
// 重构日志: 930aefe1
// 重构日志: db71cd47
// 同步 ID: 0901d071 @ Fri Jul 24 08:29:42 UTC 2026
// 重构日志: d7ae79fa
// 同步 ID: 4a2e48ad @ Fri Jul 24 15:06:11 UTC 2026
// 同步 ID: 624dd542 @ Sat Jul 25 09:58:15 UTC 2026
// 同步 ID: 18e99321 @ Sat Jul 25 13:16:48 UTC 2026
// 重构日志: 5bcf5086
// 重构日志: 70f5ec5c
// 同步 ID: 1f05de02 @ Mon Jul 27 09:34:15 UTC 2026
// 重构日志: eac6da91
// 同步 ID: d92b27d4 @ Tue Jul 28 10:13:26 UTC 2026
